This is pdfTeX, Version 3.141592653-2.6-1.40.28 (TeX Live 2025/Debian) (preloaded format=pdflatex 2026.5.6)  6 MAY 2026 17:53
entering extended mode
 restricted \write18 enabled.
 %&-line parsing enabled.
**manuscript_journal.tex
(./manuscript_journal.tex
LaTeX2e <2025-11-01>
L3 programming layer <2026-01-19>

! LaTeX Error: File `elsarticle.cls' not found.

Type X to quit or <RETURN> to proceed,
or enter new name. (Default extension: cls)

Enter file name: 
! Emergency stop.
<read *> 
         
l.2 ^^M
       
End of file on the terminal!

 
Here is how much of TeX's memory you used:
 19 strings out of 469514
 483 string characters out of 5470073
 433756 words of memory out of 5000000
 28772 multiletter control sequences out of 15000+600000
 627721 words of font info for 40 fonts, out of 8000000 for 9000
 14 hyphenation exceptions out of 8191
 19i,0n,29p,88b,17s stack positions out of 10000i,1000n,20000p,200000b,200000s
!  ==> Fatal error occurred, no output PDF file produced!
